
> web@0.1.0 build
> next build

⚠ Found lockfile missing swc dependencies, patching...
npm error code ENOWORKSPACES
npm error This command does not support workspaces.
npm error A complete log of this run can be found in: C:\Users\BS01650\npm-cache\_logs\2026-04-06T12_30_45_590Z-debug-0.log
npm error code ENOWORKSPACES
npm error This command does not support workspaces.
npm error A complete log of this run can be found in: C:\Users\BS01650\npm-cache\_logs\2026-04-06T12_30_47_696Z-debug-0.log
npm error code ENOWORKSPACES
npm error This command does not support workspaces.
npm error A complete log of this run can be found in: C:\Users\BS01650\npm-cache\_logs\2026-04-06T12_30_49_761Z-debug-0.log
npm error code ENOWORKSPACES
npm error This command does not support workspaces.
npm error A complete log of this run can be found in: C:\Users\BS01650\npm-cache\_logs\2026-04-06T12_30_51_721Z-debug-0.log
npm error code ENOWORKSPACES
npm error This command does not support workspaces.
npm error A complete log of this run can be found in: C:\Users\BS01650\npm-cache\_logs\2026-04-06T12_30_53_917Z-debug-0.log
npm error code ENOWORKSPACES
npm error This command does not support workspaces.
npm error A complete log of this run can be found in: C:\Users\BS01650\npm-cache\_logs\2026-04-06T12_30_55_607Z-debug-0.log
npm error code ENOWORKSPACES
npm error This command does not support workspaces.
npm error A complete log of this run can be found in: C:\Users\BS01650\npm-cache\_logs\2026-04-06T12_30_57_254Z-debug-0.log
⨯ Failed to patch lockfile, please try uninstalling and reinstalling next in this workspace
Error: Failed to get registry from "pnpm".
    at ignore-listed frames {
  [cause]: Error: Command failed: pnpm config get registry 
  npm error code ENOWORKSPACES
  npm error This command does not support workspaces.
  npm error A complete log of this run can be found in: C:\Users\BS01650\npm-cache\_logs\2026-04-06T12_30_45_590Z-debug-0.log
  
      at ignore-listed frames {
    status: 1,
    signal: null,
    output: [
      null,
      <Buffer >,
      <Buffer 6e 70 6d 20 65 72 72 6f 72 20 63 6f 64 65 20 45 4e 4f 57 4f 52 4b 53 50 41 43 45 53 0a 6e 70 6d 20 65 72 72 6f 72 20 54 68 69 73 20 63 6f 6d 6d 61 6e ... 155 more bytes>
    ],
    pid: 47820,
    stdout: <Buffer >,
    stderr: <Buffer 6e 70 6d 20 65 72 72 6f 72 20 63 6f 64 65 20 45 4e 4f 57 4f 52 4b 53 50 41 43 45 53 0a 6e 70 6d 20 65 72 72 6f 72 20 54 68 69 73 20 63 6f 6d 6d 61 6e ... 155 more bytes>
  }
}
▲ Next.js 16.2.1 (Turbopack)

  Creating an optimized production build ...
⚠ Found lockfile missing swc dependencies, patching...
npm error code ENOWORKSPACES
npm error This command does not support workspaces.
npm error A complete log of this run can be found in: C:\Users\BS01650\npm-cache\_logs\2026-04-06T12_30_59_779Z-debug-0.log
npm error code ENOWORKSPACES
npm error This command does not support workspaces.
npm error A complete log of this run can be found in: C:\Users\BS01650\npm-cache\_logs\2026-04-06T12_31_02_059Z-debug-0.log
npm error code ENOWORKSPACES
npm error This command does not support workspaces.
npm error A complete log of this run can be found in: C:\Users\BS01650\npm-cache\_logs\2026-04-06T12_31_04_008Z-debug-0.log
npm error code ENOWORKSPACES
npm error This command does not support workspaces.
npm error A complete log of this run can be found in: C:\Users\BS01650\npm-cache\_logs\2026-04-06T12_31_05_750Z-debug-0.log
npm error code ENOWORKSPACES
npm error This command does not support workspaces.
npm error A complete log of this run can be found in: C:\Users\BS01650\npm-cache\_logs\2026-04-06T12_31_07_697Z-debug-0.log
npm error code ENOWORKSPACES
npm error This command does not support workspaces.
npm error A complete log of this run can be found in: C:\Users\BS01650\npm-cache\_logs\2026-04-06T12_31_09_452Z-debug-0.log
npm error code ENOWORKSPACES
npm error This command does not support workspaces.
npm error A complete log of this run can be found in: C:\Users\BS01650\npm-cache\_logs\2026-04-06T12_31_11_184Z-debug-0.log
⨯ Failed to patch lockfile, please try uninstalling and reinstalling next in this workspace
Error: Failed to get registry from "pnpm".
    at getRegistry (C:\BS Task\ai-brag-doc\node_modules\next\dist\lib\helpers\get-registry.js:34:37)
    at fetchPkgInfo (C:\BS Task\ai-brag-doc\node_modules\next\dist\lib\patch-incorrect-lockfile.js:65:60)
    ... 2 lines matching cause stack trace ...
    at Object.patchIncorrectLockfile (C:\BS Task\ai-brag-doc\node_modules\next\dist\lib\patch-incorrect-lockfile.js:166:59) {
  [cause]: Error: Command failed: pnpm config get registry 
  npm error code ENOWORKSPACES
  npm error This command does not support workspaces.
  npm error A complete log of this run can be found in: C:\Users\BS01650\npm-cache\_logs\2026-04-06T12_30_59_779Z-debug-0.log
  
      at genericNodeError (node:internal/errors:983:15)
      at wrappedFn (node:internal/errors:537:14)
      at checkExecSyncError (node:child_process:915:11)
      at execSync (node:child_process:987:15)
      at getRegistry (C:\BS Task\ai-brag-doc\node_modules\next\dist\lib\helpers\get-registry.js:24:52)
      at fetchPkgInfo (C:\BS Task\ai-brag-doc\node_modules\next\dist\lib\patch-incorrect-lockfile.js:65:60)
      at C:\BS Task\ai-brag-doc\node_modules\next\dist\lib\patch-incorrect-lockfile.js:166:70
      at Array.map (<anonymous>)
      at Object.patchIncorrectLockfile (C:\BS Task\ai-brag-doc\node_modules\next\dist\lib\patch-incorrect-lockfile.js:166:59) {
    status: 1,
    signal: null,
    output: [
      null,
      <Buffer >,
      <Buffer 6e 70 6d 20 65 72 72 6f 72 20 63 6f 64 65 20 45 4e 4f 57 4f 52 4b 53 50 41 43 45 53 0a 6e 70 6d 20 65 72 72 6f 72 20 54 68 69 73 20 63 6f 6d 6d 61 6e ... 155 more bytes>
    ],
    pid: 3116,
    stdout: <Buffer >,
    stderr: <Buffer 6e 70 6d 20 65 72 72 6f 72 20 63 6f 64 65 20 45 4e 4f 57 4f 52 4b 53 50 41 43 45 53 0a 6e 70 6d 20 65 72 72 6f 72 20 54 68 69 73 20 63 6f 6d 6d 61 6e ... 155 more bytes>
  }
}
✓ Compiled successfully in 17.1s
  Running TypeScript ...
  Finished TypeScript in 4.1s ...
  Collecting page data using 5 workers ...
  Generating static pages using 5 workers (0/4) ...
⚠ Found lockfile missing swc dependencies, patching...
npm error code ENOWORKSPACES
npm error This command does not support workspaces.
npm error A complete log of this run can be found in: C:\Users\BS01650\npm-cache\_logs\2026-04-06T12_31_22_725Z-debug-0.log
npm error code ENOWORKSPACES
npm error This command does not support workspaces.
npm error A complete log of this run can be found in: C:\Users\BS01650\npm-cache\_logs\2026-04-06T12_31_24_423Z-debug-0.log
npm error code ENOWORKSPACES
npm error This command does not support workspaces.
npm error A complete log of this run can be found in: C:\Users\BS01650\npm-cache\_logs\2026-04-06T12_31_26_066Z-debug-0.log
npm error code ENOWORKSPACES
npm error This command does not support workspaces.
npm error A complete log of this run can be found in: C:\Users\BS01650\npm-cache\_logs\2026-04-06T12_31_27_732Z-debug-0.log
npm error code ENOWORKSPACES
npm error This command does not support workspaces.
npm error A complete log of this run can be found in: C:\Users\BS01650\npm-cache\_logs\2026-04-06T12_31_29_364Z-debug-0.log
npm error code ENOWORKSPACES
npm error This command does not support workspaces.
npm error A complete log of this run can be found in: C:\Users\BS01650\npm-cache\_logs\2026-04-06T12_31_31_024Z-debug-0.log
npm error code ENOWORKSPACES
npm error This command does not support workspaces.
npm error A complete log of this run can be found in: C:\Users\BS01650\npm-cache\_logs\2026-04-06T12_31_33_108Z-debug-0.log
⨯ Failed to patch lockfile, please try uninstalling and reinstalling next in this workspace
Error: Failed to get registry from "pnpm".
    at ignore-listed frames {
  [cause]: Error: Command failed: pnpm config get registry 
  npm error code ENOWORKSPACES
  npm error This command does not support workspaces.
  npm error A complete log of this run can be found in: C:\Users\BS01650\npm-cache\_logs\2026-04-06T12_31_22_725Z-debug-0.log
  
      at ignore-listed frames {
    status: 1,
    signal: null,
    output: [
  Generating static pages using 5 workers (1/4) 
      null,
      <Buffer >,
      <Buffer 6e 70 6d 20 65 72 72 6f 72 20 63 6f 64 65 20 45 4e 4f 57 4f 52 4b 53 50 41 43 45 53 0a 6e 70 6d 20 65 72 72 6f 72 20 54 68 69 73 20 63 6f 6d 6d 61 6e ... 155 more bytes>
    ],
    pid: 20556,
    stdout: <Buffer >,
    stderr: <Buffer 6e 70 6d 20 65 72 72 6f 72 20 63 6f 64 65 20 45 4e 4f 57 4f 52 4b 53 50 41 43 45 53 0a 6e 70 6d 20 65 72 72 6f 72 20 54 68 69 73 20 63 6f 6d 6d 61 6e ... 155 more bytes>
  }
}
  Generating static pages using 5 workers (2/4) 
  Generating static pages using 5 workers (3/4) 
✓ Generating static pages using 5 workers (4/4) in 13.2s
  Finalizing page optimization ...

Route (app)
┌ ○ /
└ ○ /_not-found


○  (Static)  prerendered as static content

